EN uart_control NULL /home/laraujo/work/uart_block/hdl/iseProject/uart_control.vhd sub00/vhpl10 1335956950
AR serial_transmitter behavioral /home/laraujo/work/uart_block/hdl/iseProject/serial_transmitter.vhd sub00/vhpl03 1335938434
EN uart_wishbone_slave NULL /home/laraujo/work/uart_block/hdl/iseProject/uart_wishbone_slave.vhd sub00/vhpl14 1335938443
AR baud_generator behavioral /home/laraujo/work/uart_block/hdl/iseProject/baud_generator.vhd sub00/vhpl07 1335938432
EN serial_receiver NULL /home/laraujo/work/uart_block/hdl/iseProject/serial_receiver.vhd sub00/vhpl04 1335938435
EN divisor NULL /home/laraujo/work/uart_block/hdl/iseProject/divisor.vhd sub00/vhpl08 1335956948
AR divisor behavioral /home/laraujo/work/uart_block/hdl/iseProject/divisor.vhd sub00/vhpl09 1335956949
EN serial_transmitter NULL /home/laraujo/work/uart_block/hdl/iseProject/serial_transmitter.vhd sub00/vhpl02 1335938433
AR uart_communication_blocks behavioral /home/laraujo/work/uart_block/hdl/iseProject/uart_communication_blocks.vhd sub00/vhpl13 1335938442
AR uart_wishbone_slave behavioral /home/laraujo/work/uart_block/hdl/iseProject/uart_wishbone_slave.vhd sub00/vhpl15 1335938444
AR serial_receiver behavioral /home/laraujo/work/uart_block/hdl/iseProject/serial_receiver.vhd sub00/vhpl05 1335938436
EN uart_communication_blocks NULL /home/laraujo/work/uart_block/hdl/iseProject/uart_communication_blocks.vhd sub00/vhpl12 1335938441
PB pkgdefinitions pkgdefinitions /home/laraujo/work/uart_block/hdl/iseProject/pkgDefinitions.vhd sub00/vhpl01 1335956947
AR uart_control behavioral /home/laraujo/work/uart_block/hdl/iseProject/uart_control.vhd sub00/vhpl11 1335956951
EN baud_generator NULL /home/laraujo/work/uart_block/hdl/iseProject/baud_generator.vhd sub00/vhpl06 1335938431
PH pkgdefinitions NULL /home/laraujo/work/uart_block/hdl/iseProject/pkgDefinitions.vhd sub00/vhpl00 1335956946
