V3 51
FL /home/laraujo/work/uart_block/hdl/iseProject/baud_generator.vhd 2012/05/01.14:25:52 O.87xd
FL /home/laraujo/work/uart_block/hdl/iseProject/divisor.vhd 2012/05/01.08:01:47 O.87xd
FL /home/laraujo/work/uart_block/hdl/iseProject/pkgDefinitions.vhd 2012/05/02.17:47:51 O.87xd
FL /home/laraujo/work/uart_block/hdl/iseProject/serial_receiver.vhd 2012/05/01.13:58:15 O.87xd
FL /home/laraujo/work/uart_block/hdl/iseProject/serial_transmitter.vhd 2012/04/23.13:47:40 O.87xd
FL /home/laraujo/work/uart_block/hdl/iseProject/uart_communication_blocks.vhd 2012/04/30.14:08:50 O.87xd
FL /home/laraujo/work/uart_block/hdl/iseProject/uart_control.vhd 2012/05/02.17:54:04 O.87xd
FL /home/laraujo/work/uart_block/hdl/iseProject/uart_main_blocks.vhd 2012/04/30.12:49:26 O.87xd
FL /home/laraujo/work/uart_block/hdl/iseProject/uart_wishbone_slave.vhd 2012/04/30.18:16:53 O.87xd
FL E:/uart_block/hdl/iseProject/baud_generator.vhd 2012/05/01.21:07:49 O.87xd
EN work/baud_generator 1336089722 \
      FL E:/uart_block/hdl/iseProject/baud_generator.vhd PB ieee/std_logic_1164 1325952872 \
      PB ieee/STD_LOGIC_UNSIGNED 1325952875 PB ieee/std_logic_arith 1325952873 \
      PB ieee/NUMERIC_STD 1325952877 PB work/pkgDefinitions 1336089721
AR work/baud_generator/Behavioral 1336089723 \
      FL E:/uart_block/hdl/iseProject/baud_generator.vhd EN work/baud_generator 1336089722
FL E:/uart_block/hdl/iseProject/divisor.vhd 2012/05/01.21:07:49 O.87xd
EN work/divisor 1336089728 FL E:/uart_block/hdl/iseProject/divisor.vhd \
      PB ieee/std_logic_1164 1325952872 PB ieee/std_logic_arith 1325952873 \
      PB work/pkgDefinitions 1336089721
AR work/divisor/Behavioral 1336089729 \
      FL E:/uart_block/hdl/iseProject/divisor.vhd EN work/divisor 1336089728
FL E:/uart_block/hdl/iseProject/INTERCON_P2P.vhd 2012/05/04.00:27:06 O.87xd
EN work/INTERCON_P2P 1336089740 FL E:/uart_block/hdl/iseProject/INTERCON_P2P.vhd \
      PB ieee/std_logic_1164 1325952872
AR work/INTERCON_P2P/Behavioral 1336089741 \
      FL E:/uart_block/hdl/iseProject/INTERCON_P2P.vhd EN work/INTERCON_P2P 1336089740 \
      CP SYC0001a CP SERIALMASTER CP uart_wishbone_slave
FL E:/uart_block/hdl/iseProject/pkgDefinitions.vhd 2012/05/03.23:01:52 O.87xd
PH work/pkgDefinitions 1336089720 \
      FL E:/uart_block/hdl/iseProject/pkgDefinitions.vhd PB ieee/std_logic_1164 1325952872
PB work/pkgDefinitions 1336089721 \
      FL E:/uart_block/hdl/iseProject/pkgDefinitions.vhd PH work/pkgDefinitions 1336089720
FL E:/uart_block/hdl/iseProject/SERIALMASTER.vhd 2012/05/04.01:05:05 O.87xd
EN work/SERIALMASTER 1336089736 FL E:/uart_block/hdl/iseProject/SERIALMASTER.vhd \
      PB ieee/std_logic_1164 1325952872 PB ieee/STD_LOGIC_UNSIGNED 1325952875 \
      PB ieee/std_logic_arith 1325952873 PB work/pkgDefinitions 1336089721
AR work/SERIALMASTER/Behavioral 1336089737 \
      FL E:/uart_block/hdl/iseProject/SERIALMASTER.vhd EN work/SERIALMASTER 1336089736
FL E:/uart_block/hdl/iseProject/serial_receiver.vhd 2012/05/01.21:07:49 O.87xd
EN work/serial_receiver 1336089726 \
      FL E:/uart_block/hdl/iseProject/serial_receiver.vhd PB ieee/std_logic_1164 1325952872 \
      PB work/pkgDefinitions 1336089721
AR work/serial_receiver/Behavioral 1336089727 \
      FL E:/uart_block/hdl/iseProject/serial_receiver.vhd EN work/serial_receiver 1336089726
FL E:/uart_block/hdl/iseProject/serial_transmitter.vhd 2012/04/21.09:27:16 O.87xd
EN work/serial_transmitter 1336089724 \
      FL E:/uart_block/hdl/iseProject/serial_transmitter.vhd \
      PB ieee/std_logic_1164 1325952872 PB work/pkgDefinitions 1336089721
AR work/serial_transmitter/Behavioral 1336089725 \
      FL E:/uart_block/hdl/iseProject/serial_transmitter.vhd \
      EN work/serial_transmitter 1336089724
FL E:/uart_block/hdl/iseProject/SYC0001a.vhd 2012/05/04.00:26:54 O.87xd
EN work/SYC0001a 1336089734 FL E:/uart_block/hdl/iseProject/SYC0001a.vhd \
      PB ieee/std_logic_1164 1325952872
AR work/SYC0001a/SYC0001a1 1336089735 \
      FL E:/uart_block/hdl/iseProject/SYC0001a.vhd EN work/SYC0001a 1336089734
FL E:/uart_block/hdl/iseProject/uart_communication_blocks.vhd 2012/04/30.23:14:46 O.87xd
EN work/uart_communication_blocks 1336089732 \
      FL E:/uart_block/hdl/iseProject/uart_communication_blocks.vhd \
      PB ieee/std_logic_1164 1325952872 PB work/pkgDefinitions 1336089721
AR work/uart_communication_blocks/Behavioral 1336089733 \
      FL E:/uart_block/hdl/iseProject/uart_communication_blocks.vhd \
      EN work/uart_communication_blocks 1336089732 CP baud_generator \
      CP serial_transmitter CP serial_receiver
FL E:/uart_block/hdl/iseProject/uart_control.vhd 2012/05/03.19:17:33 O.87xd
EN work/uart_control 1336089730 FL E:/uart_block/hdl/iseProject/uart_control.vhd \
      PB ieee/std_logic_1164 1325952872 PB ieee/STD_LOGIC_UNSIGNED 1325952875 \
      PB ieee/std_logic_arith 1325952873 PB work/pkgDefinitions 1336089721
AR work/uart_control/Behavioral 1336089731 \
      FL E:/uart_block/hdl/iseProject/uart_control.vhd EN work/uart_control 1336089730 \
      CP divisor
FL E:/uart_block/hdl/iseProject/uart_wishbone_slave.vhd 2012/05/03.19:17:33 O.87xd
EN work/uart_wishbone_slave 1336089738 \
      FL E:/uart_block/hdl/iseProject/uart_wishbone_slave.vhd \
      PB ieee/std_logic_1164 1325952872 PB work/pkgDefinitions 1336089721
AR work/uart_wishbone_slave/Behavioral 1336089739 \
      FL E:/uart_block/hdl/iseProject/uart_wishbone_slave.vhd \
      EN work/uart_wishbone_slave 1336089738 CP uart_control \
      CP uart_communication_blocks
